[36mvite v5.4.21 [32mbuilding for production...[36m[39m
transforming...
[32mÔ£ô[39m 1096 modules transformed.
node.exe : 
[31mx[39m Build 
failed in 8.64s
Au caractère 
C:\Program Files\node
js\npx.ps1:29 : 3
+   & $NODE_EXE 
$NPX_CLI_JS $args
+   ~~~~~~~~~~~~~~~~~
~~~~~~~~~~~~
    + CategoryInfo   
           : NotSpe  
  cified: ([31mx   
 [39m Build faile    
d in 8.64s:Strin    
g) [], RemoteExc    
eption
    + FullyQualified 
   ErrorId : Native  
  CommandError
 
[31merror during 
build:
[31m[vite:load-fallb
ack] Could not load 
C:\Users\SAMUEL SIBON
Y\antigravity\amg-ren
ovation\src/component
s/ui/checkbox 
(imported by src/page
s/admin/UserManagemen
t.tsx): ENOENT: no 
such file or 
directory, open 
'C:\Users\SAMUEL SIBO
NY\antigravity\amg-re
novation\src\componen
ts\ui\checkbox'[31m
    at async open (no
de:internal/fs/promis
es:633:25)
    at async 
Object.readFile (node
:internal/fs/promises
:1237:14)
    at async 
Object.load (file:///
C:/Users/SAMUEL%20SIB
ONY/antigravity/amg-r
enovation/node_module
s/vite/dist/node/chun
ks/dep-BK3b2jBa.js:65
357:25)
    at async PluginDr
iver.hookFirstAndGetP
lugin (file:///C:/Use
rs/SAMUEL%20SIBONY/an
tigravity/amg-renovat
ion/node_modules/roll
up/dist/es/shared/nod
e-entry.js:22430:28)
    at async file:///
C:/Users/SAMUEL%20SIB
ONY/antigravity/amg-r
enovation/node_module
s/rollup/dist/es/shar
ed/node-entry.js:2142
2:33
    at async 
Queue.work (file:///C
:/Users/SAMUEL%20SIBO
NY/antigravity/amg-re
novation/node_modules
/rollup/dist/es/share
d/node-entry.js:22658
:32)[39m
