
> amg-renovation@1.0.0 build
> vite build

[36mvite v5.4.21 [32mbuilding for production...[36m[39m
transforming...
[32mÔ£ô[39m 3022 modules transformed.
node.exe : 
[31mx[39m Build 
failed in 19.26s
Au caractère 
C:\Program Files\node
js\npm.ps1:29 : 3
+   & $NODE_EXE 
$NPM_CLI_JS $args
+   ~~~~~~~~~~~~~~~~~
~~~~~~~~~~~~
    + CategoryInfo   
           : NotSpe  
  cified: ([31mx   
 [39m Build faile    
d in 19.26s:Stri    
ng) [], RemoteEx    
ception
    + FullyQualified 
   ErrorId : Native  
  CommandError
 
[31merror during 
build:
[31msrc/pages/Dashbo
ard.tsx (46:9): 
"useAuth" is not 
exported by "src/page
s/Login.tsx", 
imported by "src/page
s/Dashboard.tsx".[31
m
file: 
[36mC:/Users/SAMUEL 
SIBONY/antigravity/am
g-renovation/src/page
s/Dashboard.tsx:46:9
[31m
[33m
44: import { 
ClientsCRM } from "@/
components/crm/Client
sCRM";
45: import { 
FacebookAutoPost } 
from "@/components/fa
cebook/FacebookAutoPo
st";
46: import { useAuth 
} from 
"@/pages/Login";
             ^
47: 
48: const Dashboard 
= () => {
[31m
    at 
getRollupError (file:
///C:/Users/SAMUEL%20
SIBONY/antigravity/am
g-renovation/node_mod
ules/rollup/dist/es/s
hared/parseAst.js:402
:41)
    at error (file://
/C:/Users/SAMUEL%20SI
BONY/antigravity/amg-
renovation/node_modul
es/rollup/dist/es/sha
red/parseAst.js:398:4
2)
    at Module.error (
file:///C:/Users/SAMU
EL%20SIBONY/antigravi
ty/amg-renovation/nod
e_modules/rollup/dist
/es/shared/node-entry
.js:17040:16)
    at 
Module.traceVariable 
(file:///C:/Users/SAM
UEL%20SIBONY/antigrav
ity/amg-renovation/no
de_modules/rollup/dis
t/es/shared/node-entr
y.js:17452:29)
    at ModuleScope.fi
ndVariable (file:///C
:/Users/SAMUEL%20SIBO
NY/antigravity/amg-re
novation/node_modules
/rollup/dist/es/share
d/node-entry.js:15070
:39)
    at ReturnValueSco
pe.findVariable (file
:///C:/Users/SAMUEL%2
0SIBONY/antigravity/a
mg-renovation/node_mo
dules/rollup/dist/es/
shared/node-entry.js:
5673:38)
    at FunctionBodySc
ope.findVariable (fil
e:///C:/Users/SAMUEL%
20SIBONY/antigravity/
amg-renovation/node_m
odules/rollup/dist/es
/shared/node-entry.js
:5673:38)
    at 
Identifier.bind (file
:///C:/Users/SAMUEL%2
0SIBONY/antigravity/a
mg-renovation/node_mo
dules/rollup/dist/es/
shared/node-entry.js:
5447:40)
    at 
CallExpression.bind (
file:///C:/Users/SAMU
EL%20SIBONY/antigravi
ty/amg-renovation/nod
e_modules/rollup/dist
/es/shared/node-entry
.js:2829:23)
    at 
CallExpression.bind (
file:///C:/Users/SAMU
EL%20SIBONY/antigravi
ty/amg-renovation/nod
e_modules/rollup/dist
/es/shared/node-entry
.js:12179:15)[39m
